// Jest Snapshot v1, https://goo.gl/fbAQLP

exports[`Anchor accepts an onUpdate function 1`] = `1`;

exports[`Anchor renders 1`] = `
<a
  className="anchor  null null null null null "
  disabled={undefined}
  href="/"
  onClick={[Function]}
>
  Anchor Text
</a>
`;
