// Jest Snapshot v1, https://goo.gl/fbAQLP

exports[`Button accepts an onUpdate function 1`] = `1`;

exports[`Button renders 1`] = `
<a
  className="button  null null null null null null null null"
  disabled={undefined}
  href="/"
  onClick={[Function]}
>
  Button Text
</a>
`;
