// Jest Snapshot v1, https://goo.gl/fbAQLP

exports[`SideNav component should render 1`] = `
<nav
  className="side-nav"
>
  <ul />
</nav>
`;
